Failure in python_whitespace.py:

  The CHECK on line 14 wants:
    {{^}} four

  which failed to match line stdout:4:
       four

  Context:
        one
        two
    three
       four <= does not match CHECK on line 14: {{^}} four

  when running command:
    /usr/bin/python3 python_whitespace.py
