Failure in python_missing_check.py:

  The CHECKERR on line 7 wants:
    BETA

  which failed to match line stderr:1:
    ALPHA

  Context:
    ALPHA <= no check matches
    BETA
    GAMMA1 <= no more checks
    GAMMA2
    GAMMA3
    GAMMA4
    GAMMA5
    GAMMA6
    GAMMA7
    GAMMA8

  when running command:
    /usr/bin/python3 python_missing_check.py
